/usr/bin/bash: line 5: .venvScriptspython.exe: command not found
